-- Building for: Visual Studio 18 2026
-- Selecting Windows SDK version 10.0.28000.0 to target Windows 10.0.26200.
-- The C compiler identification is MSVC 19.51.36256.0
-- The CXX compiler identification is MSVC 19.51.36256.0
-- Detecting C compiler ABI info
-- Detecting C compiler ABI info - done
-- Check for working C compiler: C:/Program Files/Microsoft Visual Studio/18/Community/VC/Tools/MSVC/14.51.36231/bin/Hostx64/x64/cl.exe - skipped
-- Detecting C compile features
-- Detecting C compile features - done
-- Detecting CXX compiler ABI info
-- Detecting CXX compiler ABI info - done
-- Check for working CXX compiler: C:/Program Files/Microsoft Visual Studio/18/Community/VC/Tools/MSVC/14.51.36231/bin/Hostx64/x64/cl.exe - skipped
-- Detecting CXX compile features
-- Detecting CXX compile features - done
-- Configuring juceaide
-- Building juceaide
-- Exporting juceaide
-- Testing juceaide
-- Finished setting up juceaide
-- Found WebView2: C:/Users/peter/AppData/Local/PackageManagement/NuGet/Packages/Microsoft.Web.WebView2.1.0.3485.44/build/native/include
-- Configuring done (17.7s)
-- Generating done (0.1s)
-- Build files have been written to: C:/Users/peter/b/ThinWalls/build
